------------------------------------------------------------
Timing Analyzer Summary
------------------------------------------------------------

Type  : Slow 1100mV 85C Model Setup 'CLK_50Mhzs'
Slack : 11.249
TNS   : 0.000

Type  : Slow 1100mV 85C Model Hold 'CLK_50Mhzs'
Slack : 0.334
TNS   : 0.000

Type  : Slow 1100mV 85C Model Minimum Pulse Width 'CLK_50Mhzs'
Slack : 8.648
TNS   : 0.000

Type  : Slow 1100mV 0C Model Setup 'CLK_50Mhzs'
Slack : 11.314
TNS   : 0.000

Type  : Slow 1100mV 0C Model Hold 'CLK_50Mhzs'
Slack : 0.319
TNS   : 0.000

Type  : Slow 1100mV 0C Model Minimum Pulse Width 'CLK_50Mhzs'
Slack : 8.565
TNS   : 0.000

Type  : Fast 1100mV 85C Model Setup 'CLK_50Mhzs'
Slack : 15.244
TNS   : 0.000

Type  : Fast 1100mV 85C Model Hold 'CLK_50Mhzs'
Slack : 0.156
TNS   : 0.000

Type  : Fast 1100mV 85C Model Minimum Pulse Width 'CLK_50Mhzs'
Slack : 8.793
TNS   : 0.000

Type  : Fast 1100mV 0C Model Setup 'CLK_50Mhzs'
Slack : 15.611
TNS   : 0.000

Type  : Fast 1100mV 0C Model Hold 'CLK_50Mhzs'
Slack : 0.135
TNS   : 0.000

Type  : Fast 1100mV 0C Model Minimum Pulse Width 'CLK_50Mhzs'
Slack : 8.783
TNS   : 0.000

------------------------------------------------------------
